==========================
Mon May  8 13:35:31 2023
Config file doesn't passed.
==========================
==========================
Mon May  8 13:38:48 2023
Config file doesn't passed.
==========================
